{
  "dataset": "official Keras MNIST",
  "source_url": "https://storage.googleapis.com/tensorflow/tf-keras-datasets/mnist.npz",
  "source_sha256": "731c5ac602752760c8e48fbffcf8c3b850d9dc2a2aedcf2cc48468fc17b673d1",
  "concatenation": "x_train followed by x_test; original archive order",
  "selection": "deterministic prefix of length 2000; no shuffle",
  "random_seed": null,
  "preprocessing": "reshape to 784 pixels; float64 division by 255.0; no StandardScaler",
  "n": 2000,
  "d": 784,
  "m": 256,
  "grid_dimension": 2,
  "grid": "meshgrid(linspace(-1,1,side), linspace(-1,1,side), indexing=xy); C ravel; columns x,y",
  "grid_side": 16,
  "grid_sha256": "423f053767168a424a50c145b4bd0ba2614c566818943eee177b2462b976061a",
  "gamma": 2.767,
  "lam": 2.439,
  "pca_scale": 2.0,
  "initialization": "direct",
  "svd": "numpy.linalg.svd(X-X.mean(0), full_matrices=False); full SVD",
  "earlier_measurements_reused": false,
  "initialization_seconds": 0.4399639990006108,
  "initialization_threads": 1,
  "X_sha256": "a5ea126f484102d9abe04d60e25e56c0c051b5d76a7e4ab6901b14c8bbb2a0a9",
  "W0_sha256": "b80d148afc9a404556b15504a2ab49c34604a75d6a436d8951a8512d25d84e53",
  "P0_sha256": "4b040f75a66a41432366ec10d156e7489a8dd86e5fee0f380687250b2676ecab",
  "reference_seconds": 4.194055761000527,
  "reference_iters": 30,
  "reference_tol": -1.0,
  "reference_threads": 1
}
