{
  "case": "low_d",
  "status": "matched",
  "median_seconds": {
    "portable_sklearn_finalizer": 0.018550168000729172,
    "portable_numba_finalizer": 0.017433614999390556,
    "sklearn_lloyd": 0.014354717000969686
  },
  "initial_validation": {
    "sklearn_lloyd": {
      "labels_equal": true,
      "label_mismatches": 0,
      "centers_allclose": true,
      "center_max_abs": 0.0,
      "inertia_allclose": true,
      "inertia_direct_allclose": true,
      "inertia": 337110.95611732715,
      "independent_direct_inertia": 337110.9561173244,
      "n_iter": 20,
      "n_iter_equal": true,
      "all_final_clusters_nonempty": true,
      "all_core_clusters_nonempty": true,
      "finalized_labels": true,
      "matched": true
    },
    "portable_sklearn_finalizer": {
      "labels_equal": true,
      "label_mismatches": 0,
      "centers_allclose": true,
      "center_max_abs": 2.6645352591003757e-14,
      "inertia_allclose": true,
      "inertia_direct_allclose": true,
      "inertia": 337110.95611732453,
      "independent_direct_inertia": 337110.9561173244,
      "n_iter": 20,
      "n_iter_equal": true,
      "all_final_clusters_nonempty": true,
      "all_core_clusters_nonempty": true,
      "finalized_labels": true,
      "matched": true
    },
    "portable_numba_finalizer": {
      "labels_equal": true,
      "label_mismatches": 0,
      "centers_allclose": true,
      "center_max_abs": 2.6645352591003757e-14,
      "inertia_allclose": true,
      "inertia_direct_allclose": true,
      "inertia": 337110.9561173244,
      "independent_direct_inertia": 337110.9561173244,
      "n_iter": 20,
      "n_iter_equal": true,
      "all_final_clusters_nonempty": true,
      "all_core_clusters_nonempty": true,
      "finalized_labels": true,
      "matched": true
    }
  },
  "error": null
}
{
  "case": "high_d",
  "status": "matched",
  "median_seconds": {
    "portable_sklearn_finalizer": 0.1050333059993136,
    "portable_numba_finalizer": 0.11108904100001382,
    "sklearn_lloyd": 0.11041166200084263
  },
  "initial_validation": {
    "sklearn_lloyd": {
      "labels_equal": true,
      "label_mismatches": 0,
      "centers_allclose": true,
      "center_max_abs": 0.0,
      "inertia_allclose": true,
      "inertia_direct_allclose": true,
      "inertia": 1197730.5945584814,
      "independent_direct_inertia": 1197730.5945584856,
      "n_iter": 20,
      "n_iter_equal": true,
      "all_final_clusters_nonempty": true,
      "all_core_clusters_nonempty": true,
      "finalized_labels": true,
      "matched": true
    },
    "portable_sklearn_finalizer": {
      "labels_equal": true,
      "label_mismatches": 0,
      "centers_allclose": true,
      "center_max_abs": 1.1102230246251565e-15,
      "inertia_allclose": true,
      "inertia_direct_allclose": true,
      "inertia": 1197730.5945584858,
      "independent_direct_inertia": 1197730.5945584858,
      "n_iter": 20,
      "n_iter_equal": true,
      "all_final_clusters_nonempty": true,
      "all_core_clusters_nonempty": true,
      "finalized_labels": true,
      "matched": true
    },
    "portable_numba_finalizer": {
      "labels_equal": true,
      "label_mismatches": 0,
      "centers_allclose": true,
      "center_max_abs": 1.1102230246251565e-15,
      "inertia_allclose": true,
      "inertia_direct_allclose": true,
      "inertia": 1197730.5945584856,
      "independent_direct_inertia": 1197730.5945584858,
      "n_iter": 20,
      "n_iter_equal": true,
      "all_final_clusters_nonempty": true,
      "all_core_clusters_nonempty": true,
      "finalized_labels": true,
      "matched": true
    }
  },
  "error": null
}
