{
  "case": "low_d",
  "status": "matched",
  "median_seconds": {
    "portable_sklearn_finalizer": 0.010833201000423287,
    "portable_numba_finalizer": 0.00951391499984311,
    "sklearn_lloyd": 0.01919211600034032
  },
  "initial_validation": {
    "sklearn_lloyd": {
      "labels_equal": true,
      "label_mismatches": 0,
      "centers_allclose": true,
      "center_max_abs": 0.0,
      "inertia_allclose": true,
      "inertia_direct_allclose": true,
      "inertia": 337110.95611732424,
      "independent_direct_inertia": 337110.9561173244,
      "n_iter": 20,
      "n_iter_equal": true,
      "all_final_clusters_nonempty": true,
      "all_core_clusters_nonempty": true,
      "finalized_labels": true,
      "matched": true
    },
    "portable_sklearn_finalizer": {
      "labels_equal": true,
      "label_mismatches": 0,
      "centers_allclose": true,
      "center_max_abs": 7.105427357601002e-15,
      "inertia_allclose": true,
      "inertia_direct_allclose": true,
      "inertia": 337110.9561173241,
      "independent_direct_inertia": 337110.9561173244,
      "n_iter": 20,
      "n_iter_equal": true,
      "all_final_clusters_nonempty": true,
      "all_core_clusters_nonempty": true,
      "finalized_labels": true,
      "matched": true
    },
    "portable_numba_finalizer": {
      "labels_equal": true,
      "label_mismatches": 0,
      "centers_allclose": true,
      "center_max_abs": 7.105427357601002e-15,
      "inertia_allclose": true,
      "inertia_direct_allclose": true,
      "inertia": 337110.9561173244,
      "independent_direct_inertia": 337110.9561173244,
      "n_iter": 20,
      "n_iter_equal": true,
      "all_final_clusters_nonempty": true,
      "all_core_clusters_nonempty": true,
      "finalized_labels": true,
      "matched": true
    }
  },
  "error": null
}
{
  "case": "high_d",
  "status": "matched",
  "median_seconds": {
    "portable_sklearn_finalizer": 0.05167153200090979,
    "portable_numba_finalizer": 0.06207921799978067,
    "sklearn_lloyd": 0.06417998799952329
  },
  "initial_validation": {
    "sklearn_lloyd": {
      "labels_equal": true,
      "label_mismatches": 0,
      "centers_allclose": true,
      "center_max_abs": 0.0,
      "inertia_allclose": true,
      "inertia_direct_allclose": true,
      "inertia": 1197730.5945584865,
      "independent_direct_inertia": 1197730.5945584856,
      "n_iter": 20,
      "n_iter_equal": true,
      "all_final_clusters_nonempty": true,
      "all_core_clusters_nonempty": true,
      "finalized_labels": true,
      "matched": true
    },
    "portable_sklearn_finalizer": {
      "labels_equal": true,
      "label_mismatches": 0,
      "centers_allclose": true,
      "center_max_abs": 4.440892098500626e-16,
      "inertia_allclose": true,
      "inertia_direct_allclose": true,
      "inertia": 1197730.5945584858,
      "independent_direct_inertia": 1197730.5945584856,
      "n_iter": 20,
      "n_iter_equal": true,
      "all_final_clusters_nonempty": true,
      "all_core_clusters_nonempty": true,
      "finalized_labels": true,
      "matched": true
    },
    "portable_numba_finalizer": {
      "labels_equal": true,
      "label_mismatches": 0,
      "centers_allclose": true,
      "center_max_abs": 4.440892098500626e-16,
      "inertia_allclose": true,
      "inertia_direct_allclose": true,
      "inertia": 1197730.5945584856,
      "independent_direct_inertia": 1197730.5945584856,
      "n_iter": 20,
      "n_iter_equal": true,
      "all_final_clusters_nonempty": true,
      "all_core_clusters_nonempty": true,
      "finalized_labels": true,
      "matched": true
    }
  },
  "error": null
}
