{
  "case": "low_d",
  "status": "matched",
  "median_seconds": {
    "portable_sklearn_finalizer": 0.010004875000959146,
    "portable_numba_finalizer": 0.007211976999315084,
    "sklearn_lloyd": 0.014783053999053664
  },
  "initial_validation": {
    "sklearn_lloyd": {
      "labels_equal": true,
      "label_mismatches": 0,
      "centers_allclose": true,
      "center_max_abs": 0.0,
      "inertia_allclose": true,
      "inertia_direct_allclose": true,
      "inertia": 337110.95611732407,
      "independent_direct_inertia": 337110.9561173244,
      "n_iter": 20,
      "n_iter_equal": true,
      "all_final_clusters_nonempty": true,
      "all_core_clusters_nonempty": true,
      "finalized_labels": true,
      "matched": true
    },
    "portable_sklearn_finalizer": {
      "labels_equal": true,
      "label_mismatches": 0,
      "centers_allclose": true,
      "center_max_abs": 6.217248937900877e-15,
      "inertia_allclose": true,
      "inertia_direct_allclose": true,
      "inertia": 337110.9561173241,
      "independent_direct_inertia": 337110.9561173244,
      "n_iter": 20,
      "n_iter_equal": true,
      "all_final_clusters_nonempty": true,
      "all_core_clusters_nonempty": true,
      "finalized_labels": true,
      "matched": true
    },
    "portable_numba_finalizer": {
      "labels_equal": true,
      "label_mismatches": 0,
      "centers_allclose": true,
      "center_max_abs": 6.217248937900877e-15,
      "inertia_allclose": true,
      "inertia_direct_allclose": true,
      "inertia": 337110.9561173244,
      "independent_direct_inertia": 337110.9561173244,
      "n_iter": 20,
      "n_iter_equal": true,
      "all_final_clusters_nonempty": true,
      "all_core_clusters_nonempty": true,
      "finalized_labels": true,
      "matched": true
    }
  },
  "error": null
}
{
  "case": "high_d",
  "status": "matched",
  "median_seconds": {
    "portable_sklearn_finalizer": 0.029984946000695345,
    "portable_numba_finalizer": 0.028492367000580998,
    "sklearn_lloyd": 0.0399845859992638
  },
  "initial_validation": {
    "sklearn_lloyd": {
      "labels_equal": true,
      "label_mismatches": 0,
      "centers_allclose": true,
      "center_max_abs": 0.0,
      "inertia_allclose": true,
      "inertia_direct_allclose": true,
      "inertia": 1197730.5945584856,
      "independent_direct_inertia": 1197730.5945584856,
      "n_iter": 20,
      "n_iter_equal": true,
      "all_final_clusters_nonempty": true,
      "all_core_clusters_nonempty": true,
      "finalized_labels": true,
      "matched": true
    },
    "portable_sklearn_finalizer": {
      "labels_equal": true,
      "label_mismatches": 0,
      "centers_allclose": true,
      "center_max_abs": 4.440892098500626e-16,
      "inertia_allclose": true,
      "inertia_direct_allclose": true,
      "inertia": 1197730.5945584858,
      "independent_direct_inertia": 1197730.5945584858,
      "n_iter": 20,
      "n_iter_equal": true,
      "all_final_clusters_nonempty": true,
      "all_core_clusters_nonempty": true,
      "finalized_labels": true,
      "matched": true
    },
    "portable_numba_finalizer": {
      "labels_equal": true,
      "label_mismatches": 0,
      "centers_allclose": true,
      "center_max_abs": 4.440892098500626e-16,
      "inertia_allclose": true,
      "inertia_direct_allclose": true,
      "inertia": 1197730.5945584856,
      "independent_direct_inertia": 1197730.5945584858,
      "n_iter": 20,
      "n_iter_equal": true,
      "all_final_clusters_nonempty": true,
      "all_core_clusters_nonempty": true,
      "finalized_labels": true,
      "matched": true
    }
  },
  "error": null
}
