{
  "case": "low_d",
  "status": "matched",
  "median_seconds": {
    "scratch_numpy_sklearn_finalizer": 0.13432273299986264,
    "portable_numba_finalizer": 0.007302852998691378,
    "sklearn_lloyd": 0.013641752999319579
  },
  "initial_validation": {
    "sklearn_lloyd": {
      "labels_equal": true,
      "label_mismatches": 0,
      "centers_allclose": true,
      "center_max_abs": 0.0,
      "inertia_allclose": true,
      "inertia_direct_allclose": true,
      "inertia": 337110.95611732407,
      "independent_direct_inertia": 337110.9561173244,
      "n_iter": 20,
      "n_iter_equal": true,
      "all_final_clusters_nonempty": true,
      "all_core_clusters_nonempty": true,
      "finalized_labels": true,
      "matched": true
    },
    "scratch_numpy_sklearn_finalizer": {
      "labels_equal": true,
      "label_mismatches": 0,
      "centers_allclose": true,
      "center_max_abs": 2.6645352591003757e-14,
      "inertia_allclose": true,
      "inertia_direct_allclose": true,
      "inertia": 337110.95611732453,
      "independent_direct_inertia": 337110.9561173244,
      "n_iter": 20,
      "n_iter_equal": true,
      "all_final_clusters_nonempty": true,
      "all_core_clusters_nonempty": true,
      "finalized_labels": true,
      "matched": true
    },
    "portable_numba_finalizer": {
      "labels_equal": true,
      "label_mismatches": 0,
      "centers_allclose": true,
      "center_max_abs": 6.217248937900877e-15,
      "inertia_allclose": true,
      "inertia_direct_allclose": true,
      "inertia": 337110.9561173244,
      "independent_direct_inertia": 337110.9561173244,
      "n_iter": 20,
      "n_iter_equal": true,
      "all_final_clusters_nonempty": true,
      "all_core_clusters_nonempty": true,
      "finalized_labels": true,
      "matched": true
    }
  },
  "error": null
}
{
  "case": "high_d",
  "status": "matched",
  "median_seconds": {
    "scratch_numpy_sklearn_finalizer": 3.219155561999287,
    "portable_numba_finalizer": 0.029648047999216942,
    "sklearn_lloyd": 0.03546092000033241
  },
  "initial_validation": {
    "sklearn_lloyd": {
      "labels_equal": true,
      "label_mismatches": 0,
      "centers_allclose": true,
      "center_max_abs": 0.0,
      "inertia_allclose": true,
      "inertia_direct_allclose": true,
      "inertia": 1197730.5945584856,
      "independent_direct_inertia": 1197730.5945584856,
      "n_iter": 20,
      "n_iter_equal": true,
      "all_final_clusters_nonempty": true,
      "all_core_clusters_nonempty": true,
      "finalized_labels": true,
      "matched": true
    },
    "scratch_numpy_sklearn_finalizer": {
      "labels_equal": true,
      "label_mismatches": 0,
      "centers_allclose": true,
      "center_max_abs": 7.771561172376096e-16,
      "inertia_allclose": true,
      "inertia_direct_allclose": true,
      "inertia": 1197730.5945584858,
      "independent_direct_inertia": 1197730.5945584858,
      "n_iter": 20,
      "n_iter_equal": true,
      "all_final_clusters_nonempty": true,
      "all_core_clusters_nonempty": true,
      "finalized_labels": true,
      "matched": true
    },
    "portable_numba_finalizer": {
      "labels_equal": true,
      "label_mismatches": 0,
      "centers_allclose": true,
      "center_max_abs": 4.440892098500626e-16,
      "inertia_allclose": true,
      "inertia_direct_allclose": true,
      "inertia": 1197730.5945584856,
      "independent_direct_inertia": 1197730.5945584858,
      "n_iter": 20,
      "n_iter_equal": true,
      "all_final_clusters_nonempty": true,
      "all_core_clusters_nonempty": true,
      "finalized_labels": true,
      "matched": true
    }
  },
  "error": null
}
